// Jest Snapshot v1, https://goo.gl/fbAQLP

exports[`DraggableTableRow Snapshot test should render DraggableTableRow 1`] = `<DocumentFragment />`;
