// Jest Snapshot v1, https://goo.gl/fbAQLP

exports[`loads and displays greeting 1`] = `
<DocumentFragment>
  <div
    class="sc-gsDKAQ jFDWPs"
    height="NaN"
  >
    <div
      class="sc-bdvvtL fnQkDB"
      title="
0 m"
      width="NaN"
    />
  </div>
</DocumentFragment>
`;
