// Jest Snapshot v1, https://goo.gl/fbAQLP

exports[`PipelinePage test should render AddNewPipline 1`] = `<DocumentFragment />`;
