// Jest Snapshot v1, https://goo.gl/fbAQLP

exports[`PipelinePage test should render AddNewPipeline 1`] = `<DocumentFragment />`;
