// Jest Snapshot v1, https://goo.gl/fbAQLP

exports[`PipelinePage test should render PipelinePage 1`] = `<DocumentFragment />`;
