// Jest Snapshot v1, https://goo.gl/fbAQLP

exports[`PipelinePage should render PipelineExpandView section 1`] = `
<DocumentFragment>
  .c1 {
  display: -webkit-box;
  display: -webkit-flex;
  display: -ms-flexbox;
  display: flex;
  gap: 0.5rem;
  margin-left: 5.875rem;
  -webkit-align-items: center;
  -webkit-box-align: center;
  -ms-flex-align: center;
  align-items: center;
  font-weight: 400;
  font-size: 0.875rem;
  line-height: 1.25rem;
}

.c0 .ant-table-tbody > tr > td {
  border: none;
}

.c0 .ant-table-tbody > tr:last-child > td {
  border: none;
}

.c0 .ant-table-content {
  background: #1d1d1d;
}

.c2 {
  font-style: normal;
  font-weight: 400;
  font-size: 0.875rem;
  line-height: 1.25rem;
}

<div
    class="ant-table-wrapper c0 css-dev-only-do-not-override-1i536d8"
  >
    <div
      class="ant-spin-nested-loading css-dev-only-do-not-override-1i536d8"
    >
      <div
        class="ant-spin-container"
      >
        <div
          class="ant-table ant-table-small ant-table-empty"
        >
          <div
            class="ant-table-container"
          >
            <div
              class="ant-table-content"
            >
              <table
                style="table-layout: auto;"
              >
                <colgroup />
                <tbody
                  class="ant-table-tbody"
                >
                  <tr
                    class="ant-table-placeholder"
                    draggable="true"
                  >
                    <td
                      class="ant-table-cell"
                      colspan="4"
                    >
                      <div
                        class="css-dev-only-do-not-override-1i536d8 ant-empty ant-empty-normal"
                      >
                        <div
                          class="ant-empty-image"
                        >
                          <svg
                            height="41"
                            viewBox="0 0 64 41"
                            width="64"
                            xmlns="http://www.w3.org/2000/svg"
                          >
                            <g
                              fill="none"
                              fill-rule="evenodd"
                              transform="translate(0 1)"
                            >
                              <ellipse
                                cx="32"
                                cy="33"
                                fill="#f5f5f5"
                                rx="32"
                                ry="7"
                              />
                              <g
                                fill-rule="nonzero"
                                stroke="#d9d9d9"
                              >
                                <path
                                  d="M55 12.76L44.854 1.258C44.367.474 43.656 0 42.907 0H21.093c-.749 0-1.46.474-1.947 1.257L9 12.761V22h46v-9.24z"
                                />
                                <path
                                  d="M41.613 15.931c0-1.605.994-2.93 2.227-2.931H55v18.137C55 33.26 53.68 35 52.05 35h-40.1C10.32 35 9 33.259 9 31.137V13h11.16c1.233 0 2.227 1.323 2.227 2.928v.022c0 1.605 1.005 2.901 2.237 2.901h14.752c1.232 0 2.237-1.308 2.237-2.913v-.007z"
                                  fill="#fafafa"
                                />
                              </g>
                            </g>
                          </svg>
                        </div>
                        <div
                          class="ant-empty-description"
                        >
                          No data
                        </div>
                      </div>
                    </td>
                  </tr>
                </tbody>
              </table>
            </div>
          </div>
          <div
            class="ant-table-footer"
          >
            <button
              class="ant-btn css-dev-only-do-not-override-1i536d8 ant-btn-link c1"
              type="button"
            >
              <span
                aria-label="plus-circle"
                class="anticon anticon-plus-circle"
                role="img"
              >
                <svg
                  aria-hidden="true"
                  data-icon="plus-circle"
                  fill="currentColor"
                  focusable="false"
                  height="1em"
                  viewBox="64 64 896 896"
                  width="1em"
                >
                  <path
                    d="M696 480H544V328c0-4.4-3.6-8-8-8h-48c-4.4 0-8 3.6-8 8v152H328c-4.4 0-8 3.6-8 8v48c0 4.4 3.6 8 8 8h152v152c0 4.4 3.6 8 8 8h48c4.4 0 8-3.6 8-8V544h152c4.4 0 8-3.6 8-8v-48c0-4.4-3.6-8-8-8z"
                  />
                  <path
                    d="M512 64C264.6 64 64 264.6 64 512s200.6 448 448 448 448-200.6 448-448S759.4 64 512 64zm0 820c-205.4 0-372-166.6-372-372s166.6-372 372-372 372 166.6 372 372-166.6 372-372 372z"
                  />
                </svg>
              </span>
              <span
                class="c2"
              >
                add_new_processor
              </span>
            </button>
          </div>
        </div>
      </div>
    </div>
  </div>
</DocumentFragment>
`;
