// Jest Snapshot v1, https://goo.gl/fbAQLP

exports[`Pipeline Page should render PipelinePage 1`] = `
<DocumentFragment>
  <div
    style="display: flex; width: 100%;"
  >
    <span
      class="ant-input-affix-wrapper css-dev-only-do-not-override-1i536d8"
      style="width: 78px; vertical-align: top; flex: 1;"
    >
      <span
        class="ant-input-prefix"
      />
      <input
        class="ant-input css-dev-only-do-not-override-1i536d8"
        placeholder=""
        type="text"
        value=""
      />
    </span>
  </div>
</DocumentFragment>
`;
