// Jest Snapshot v1, https://goo.gl/fbAQLP

exports[`QueryBuilder: Aggregate Every Filter it should render AggregateEveryFilter 1`] = `
<DocumentFragment>
  <input
    class="ant-input css-dev-only-do-not-override-1i536d8"
    placeholder="Enter in seconds"
    style="width: 100%; min-width: 7.7rem;"
    type="text"
    value="30"
  />
</DocumentFragment>
`;
