// Jest Snapshot v1, https://goo.gl/fbAQLP

exports[`QueryBuilder: groupBy Filter it should render GroupByFilter 1`] = `
<DocumentFragment>
  <div
    class="ant-select css-dev-only-do-not-override-1i536d8 ant-select-multiple ant-select-show-search"
    style="width: 100%; min-width: 7.7rem;"
  >
    <div
      class="ant-select-selector"
    >
      <div
        class="ant-select-selection-overflow"
      >
        <div
          class="ant-select-selection-overflow-item ant-select-selection-overflow-item-suffix"
          style="opacity: 1;"
        >
          <div
            class="ant-select-selection-search"
            style="width: 0px;"
          >
            <input
              aria-activedescendant="rc_select_TEST_OR_SSR_list_0"
              aria-autocomplete="list"
              aria-controls="rc_select_TEST_OR_SSR_list"
              aria-haspopup="listbox"
              aria-owns="rc_select_TEST_OR_SSR_list"
              autocomplete="off"
              class="ant-select-selection-search-input"
              id="rc_select_TEST_OR_SSR"
              role="combobox"
              type="search"
              value=""
            />
            <span
              aria-hidden="true"
              class="ant-select-selection-search-mirror"
            >
              Â 
            </span>
          </div>
        </div>
      </div>
      <span
        class="ant-select-selection-placeholder"
      />
    </div>
  </div>
</DocumentFragment>
`;
