// Jest Snapshot v1, https://goo.gl/fbAQLP

exports[`Query Builder List Marker it should render ListMarker 1`] = `
<DocumentFragment>
  .c0 {
  min-width: 2rem;
  height: 2.25rem;
  padding: 0.43rem;
  border-radius: 0.375rem;
  pointer-events: default;
}

<button
    class="ant-btn css-dev-only-do-not-override-1i536d8 ant-btn-primary c0"
    type="button"
  >
    <span
      aria-label="eye"
      class="anticon anticon-eye"
      role="img"
    >
      <svg
        aria-hidden="true"
        data-icon="eye"
        fill="currentColor"
        focusable="false"
        height="1em"
        viewBox="64 64 896 896"
        width="1em"
      >
        <path
          d="M396 512a112 112 0 10224 0 112 112 0 10-224 0zm546.2-25.8C847.4 286.5 704.1 186 512 186c-192.2 0-335.4 100.5-430.2 300.3a60.3 60.3 0 000 51.5C176.6 737.5 319.9 838 512 838c192.2 0 335.4-100.5 430.2-300.3 7.7-16.2 7.7-35 0-51.5zM508 688c-97.2 0-176-78.8-176-176s78.8-176 176-176 176 78.8 176 176-78.8 176-176 176z"
        />
      </svg>
    </span>
    <span>
      Label
    </span>
  </button>
</DocumentFragment>
`;
