// Jest Snapshot v1, https://goo.gl/fbAQLP

exports[`QueryBuilder: WHERE clause Seach Filter it should render QueryBuilderSearch 1`] = `
<DocumentFragment>
  .c0 {
  width: auto;
  cursor: pointer;
  pointer-events: auto;
}

.c1 {
  width: 10rem;
  cursor: pointer;
  pointer-events: auto;
}

<div
    class="ant-select css-dev-only-do-not-override-1i536d8 ant-select-multiple ant-select-show-search"
    style="width: 100%; min-width: 7.7rem;"
  >
    <div
      class="ant-select-selector"
    >
      <div
        class="ant-select-selection-overflow"
      >
        <div
          class="ant-select-selection-overflow-item"
          style="opacity: 1;"
        >
          <span>
            <span
              class="ant-tag css-dev-only-do-not-override-1i536d8"
            >
              <span
                class="ant-typography ant-typography-ellipsis ant-typography-single-line ant-typography-ellipsis-single-line c0 css-dev-only-do-not-override-1i536d8"
              >
                resource_signoz_collector_id = 1a5d3cc2-4b3e-4c7c-ad07-c4cdd739d1b9
              </span>
              <span
                aria-label="close"
                class="anticon anticon-close ant-tag-close-icon"
                role="img"
                tabindex="-1"
              >
                <svg
                  aria-hidden="true"
                  data-icon="close"
                  fill="currentColor"
                  focusable="false"
                  height="1em"
                  viewBox="64 64 896 896"
                  width="1em"
                >
                  <path
                    d="M563.8 512l262.5-312.9c4.4-5.2.7-13.1-6.1-13.1h-79.8c-4.7 0-9.2 2.1-12.3 5.7L511.6 449.8 295.1 191.7c-3-3.6-7.5-5.7-12.3-5.7H203c-6.8 0-10.5 7.9-6.1 13.1L459.4 512 196.9 824.9A7.95 7.95 0 00203 838h79.8c4.7 0 9.2-2.1 12.3-5.7l216.5-258.1 216.5 258.1c3 3.6 7.5 5.7 12.3 5.7h79.8c6.8 0 10.5-7.9 6.1-13.1L563.8 512z"
                  />
                </svg>
              </span>
            </span>
          </span>
        </div>
        <div
          class="ant-select-selection-overflow-item"
          style="opacity: 1;"
        >
          <span>
            <span
              class="ant-tag css-dev-only-do-not-override-1i536d8"
            >
              <span
                class="ant-typography ant-typography-ellipsis ant-typography-single-line ant-typography-ellipsis-single-line c1 css-dev-only-do-not-override-1i536d8"
              >
                service_name IN frontend,operation,ser
              </span>
              <span
                aria-label="close"
                class="anticon anticon-close ant-tag-close-icon"
                role="img"
                tabindex="-1"
              >
                <svg
                  aria-hidden="true"
                  data-icon="close"
                  fill="currentColor"
                  focusable="false"
                  height="1em"
                  viewBox="64 64 896 896"
                  width="1em"
                >
                  <path
                    d="M563.8 512l262.5-312.9c4.4-5.2.7-13.1-6.1-13.1h-79.8c-4.7 0-9.2 2.1-12.3 5.7L511.6 449.8 295.1 191.7c-3-3.6-7.5-5.7-12.3-5.7H203c-6.8 0-10.5 7.9-6.1 13.1L459.4 512 196.9 824.9A7.95 7.95 0 00203 838h79.8c4.7 0 9.2-2.1 12.3-5.7l216.5-258.1 216.5 258.1c3 3.6 7.5 5.7 12.3 5.7h79.8c6.8 0 10.5-7.9 6.1-13.1L563.8 512z"
                  />
                </svg>
              </span>
            </span>
          </span>
        </div>
        <div
          class="ant-select-selection-overflow-item ant-select-selection-overflow-item-suffix"
          style="opacity: 1;"
        >
          <div
            class="ant-select-selection-search"
            style="width: 0px;"
          >
            <input
              aria-activedescendant="rc_select_TEST_OR_SSR_list_0"
              aria-autocomplete="list"
              aria-controls="rc_select_TEST_OR_SSR_list"
              aria-haspopup="listbox"
              aria-owns="rc_select_TEST_OR_SSR_list"
              autocomplete="off"
              class="ant-select-selection-search-input"
              id="rc_select_TEST_OR_SSR"
              role="combobox"
              type="search"
              value=""
            />
            <span
              aria-hidden="true"
              class="ant-select-selection-search-mirror"
            >
              Â 
            </span>
          </div>
        </div>
      </div>
    </div>
  </div>
</DocumentFragment>
`;
